[2026-07-30T00:21:22Z] start batch=A0 role=implementer session=x-15_impl_grok45a0_helm brief=/home/agjrom/websites/Helm/plan/planning-agreement-restructure/prompts/A0.md bucket=SHORT estimate=20min marker=DISPATCH-A0-implementer-1976118-1785370882
[2026-07-30T00:21:22Z] start batch=B1 role=implementer session=x-15_impl_grok45b1_helm brief=/home/agjrom/websites/Helm/plan/planning-agreement-restructure/prompts/B1.md bucket=SHORT estimate=15min marker=DISPATCH-B1-implementer-1976120-1785370882
[2026-07-30T00:21:22Z] brief pre-baked path=/home/agjrom/websites/Helm/plan/planning-agreement-restructure/dispatch/A0.implementer.brief.md
[2026-07-30T00:21:22Z] brief pre-baked path=/home/agjrom/websites/Helm/plan/planning-agreement-restructure/dispatch/B1.implementer.brief.md
[2026-07-30T00:21:22Z] scoped pending manifest written role_path=/home/agjrom/websites/Helm/plan/planning-agreement-restructure/dispatch/A0.implementer.json
[2026-07-30T00:21:22Z] scoped pending manifest written role_path=/home/agjrom/websites/Helm/plan/planning-agreement-restructure/dispatch/B1.implementer.json
[2026-07-30T00:21:22Z] dispatch boundary appended role=implementer batch=A0 marker=DISPATCH-A0-implementer-1976118-1785370882
[2026-07-30T00:21:22Z] dispatch boundary appended role=implementer batch=B1 marker=DISPATCH-B1-implementer-1976120-1785370882
[2026-07-30T00:21:22Z] start batch=C1 role=implementer session=x-15_impl_grok45c1_helm brief=/home/agjrom/websites/Helm/plan/planning-agreement-restructure/prompts/C1.md bucket=SHORT estimate=22min marker=DISPATCH-C1-implementer-1976339-1785370882
[2026-07-30T00:21:22Z] start batch=D12-skeleton role=implementer session=x-15_impl_sparkd12_helm brief=/home/agjrom/websites/Helm/plan/planning-agreement-restructure/prompts/D12-skeleton.md bucket=SHORT estimate=25min marker=DISPATCH-D12-skeleton-implementer-1976337-1785370882
[2026-07-30T00:21:22Z] brief pre-baked path=/home/agjrom/websites/Helm/plan/planning-agreement-restructure/dispatch/D12-skeleton.implementer.brief.md
[2026-07-30T00:21:22Z] brief pre-baked path=/home/agjrom/websites/Helm/plan/planning-agreement-restructure/dispatch/C1.implementer.brief.md
[2026-07-30T00:21:22Z] scoped pending manifest written role_path=/home/agjrom/websites/Helm/plan/planning-agreement-restructure/dispatch/C1.implementer.json
[2026-07-30T00:21:22Z] scoped pending manifest written role_path=/home/agjrom/websites/Helm/plan/planning-agreement-restructure/dispatch/D12-skeleton.implementer.json
[2026-07-30T00:21:22Z] dispatch boundary appended role=implementer batch=C1 marker=DISPATCH-C1-implementer-1976339-1785370882
[2026-07-30T00:21:22Z] dispatch boundary appended role=implementer batch=D12-skeleton marker=DISPATCH-D12-skeleton-implementer-1976337-1785370882
[2026-07-30T00:21:25Z] pane verified marker DISPATCH-A0-implementer-1976118-1785370882
[2026-07-30T00:21:25Z] pane verified marker DISPATCH-B1-implementer-1976120-1785370882
[2026-07-30T00:21:25Z] pane verified marker DISPATCH-C1-implementer-1976339-1785370882
[2026-07-30T00:21:25Z] pane verified marker DISPATCH-D12-skeleton-implementer-1976337-1785370882
[2026-07-30T00:21:25Z] watcher PID file confirmed self_pid=1976950 launch_pid=1976950 role=implementer
[2026-07-30T00:21:25Z] watcher PID file confirmed self_pid=1976948 launch_pid=1976948 role=implementer
[2026-07-30T00:21:25Z] watcher launched pid=1976950 role=implementer log=/home/agjrom/websites/Helm/plan/planning-agreement-restructure/dispatch/watcher-B1-implementer.log
[2026-07-30T00:21:25Z] watcher launched pid=1976948 role=implementer log=/home/agjrom/websites/Helm/plan/planning-agreement-restructure/dispatch/watcher-A0-implementer.log
[2026-07-30T00:21:25Z] wakeup-marker created path=/home/agjrom/websites/Helm/plan/planning-agreement-restructure/dispatch/A0.wakeup-required wakeup_sec=2400
[2026-07-30T00:21:25Z] wakeup-marker created path=/home/agjrom/websites/Helm/plan/planning-agreement-restructure/dispatch/B1.wakeup-required wakeup_sec=1800
[2026-07-30T00:21:25Z] manifest written role_path=/home/agjrom/websites/Helm/plan/planning-agreement-restructure/dispatch/B1.implementer.json mirror_path=/home/agjrom/websites/Helm/plan/planning-agreement-restructure/dispatch/B1.json
[2026-07-30T00:21:25Z] manifest written role_path=/home/agjrom/websites/Helm/plan/planning-agreement-restructure/dispatch/A0.implementer.json mirror_path=/home/agjrom/websites/Helm/plan/planning-agreement-restructure/dispatch/A0.json
[2026-07-30T00:21:25Z] watcher PID file confirmed self_pid=1977077 launch_pid=1977077 role=implementer
[2026-07-30T00:21:25Z] watcher PID file confirmed self_pid=1977076 launch_pid=1977076 role=implementer
[2026-07-30T00:21:25Z] watcher launched pid=1977077 role=implementer log=/home/agjrom/websites/Helm/plan/planning-agreement-restructure/dispatch/watcher-C1-implementer.log
[2026-07-30T00:21:25Z] watcher launched pid=1977076 role=implementer log=/home/agjrom/websites/Helm/plan/planning-agreement-restructure/dispatch/watcher-D12-skeleton-implementer.log
[2026-07-30T00:21:25Z] wakeup-marker created path=/home/agjrom/websites/Helm/plan/planning-agreement-restructure/dispatch/C1.wakeup-required wakeup_sec=2640
[2026-07-30T00:21:25Z] wakeup-marker created path=/home/agjrom/websites/Helm/plan/planning-agreement-restructure/dispatch/D12-skeleton.wakeup-required wakeup_sec=3000
[2026-07-30T00:21:25Z] manifest written role_path=/home/agjrom/websites/Helm/plan/planning-agreement-restructure/dispatch/C1.implementer.json mirror_path=/home/agjrom/websites/Helm/plan/planning-agreement-restructure/dispatch/C1.json
[2026-07-30T00:21:25Z] manifest written role_path=/home/agjrom/websites/Helm/plan/planning-agreement-restructure/dispatch/D12-skeleton.implementer.json mirror_path=/home/agjrom/websites/Helm/plan/planning-agreement-restructure/dispatch/D12-skeleton.json
[2026-07-30T00:21:38Z] ack-wakeup batch=A0 at=2026-07-30T00:21:38Z marker removed
[2026-07-30T00:21:38Z] ack-wakeup batch=B1 at=2026-07-30T00:21:38Z marker removed
[2026-07-30T00:21:38Z] ack-wakeup batch=C1 at=2026-07-30T00:21:38Z marker removed
[2026-07-30T00:21:38Z] ack-wakeup batch=D12-skeleton at=2026-07-30T00:21:38Z marker removed
[2026-07-30T00:26:03Z] start batch=A1 role=implementer session=x-15_impl_sonnet5a1_helm brief=/home/agjrom/websites/Helm/plan/planning-agreement-restructure/prompts/A1.md bucket=SHORT estimate=26min marker=DISPATCH-A1-implementer-2015314-1785371163
[2026-07-30T00:26:03Z] brief pre-baked path=/home/agjrom/websites/Helm/plan/planning-agreement-restructure/dispatch/A1.implementer.brief.md
[2026-07-30T00:26:03Z] scoped pending manifest written role_path=/home/agjrom/websites/Helm/plan/planning-agreement-restructure/dispatch/A1.implementer.json
[2026-07-30T00:26:03Z] dispatch boundary appended role=implementer batch=A1 marker=DISPATCH-A1-implementer-2015314-1785371163
[2026-07-30T00:26:03Z] start batch=A5 role=implementer session=x-15_impl_sonnet5a5_helm brief=/home/agjrom/websites/Helm/plan/planning-agreement-restructure/prompts/A5.md bucket=SHORT estimate=28min marker=DISPATCH-A5-implementer-2015432-1785371163
[2026-07-30T00:26:03Z] brief pre-baked path=/home/agjrom/websites/Helm/plan/planning-agreement-restructure/dispatch/A5.implementer.brief.md
[2026-07-30T00:26:03Z] scoped pending manifest written role_path=/home/agjrom/websites/Helm/plan/planning-agreement-restructure/dispatch/A5.implementer.json
[2026-07-30T00:26:03Z] dispatch boundary appended role=implementer batch=A5 marker=DISPATCH-A5-implementer-2015432-1785371163
[2026-07-30T00:26:06Z] pane verified marker DISPATCH-A1-implementer-2015314-1785371163
[2026-07-30T00:26:06Z] pane verified marker DISPATCH-A5-implementer-2015432-1785371163
[2026-07-30T00:26:06Z] watcher PID file confirmed self_pid=2015626 launch_pid=2015626 role=implementer
[2026-07-30T00:26:06Z] watcher launched pid=2015626 role=implementer log=/home/agjrom/websites/Helm/plan/planning-agreement-restructure/dispatch/watcher-A1-implementer.log
[2026-07-30T00:26:06Z] wakeup-marker created path=/home/agjrom/websites/Helm/plan/planning-agreement-restructure/dispatch/A1.wakeup-required wakeup_sec=3120
[2026-07-30T00:26:06Z] manifest written role_path=/home/agjrom/websites/Helm/plan/planning-agreement-restructure/dispatch/A1.implementer.json mirror_path=/home/agjrom/websites/Helm/plan/planning-agreement-restructure/dispatch/A1.json
[2026-07-30T00:26:06Z] watcher PID file confirmed self_pid=2015699 launch_pid=2015699 role=implementer
[2026-07-30T00:26:06Z] watcher launched pid=2015699 role=implementer log=/home/agjrom/websites/Helm/plan/planning-agreement-restructure/dispatch/watcher-A5-implementer.log
[2026-07-30T00:26:06Z] wakeup-marker created path=/home/agjrom/websites/Helm/plan/planning-agreement-restructure/dispatch/A5.wakeup-required wakeup_sec=3360
[2026-07-30T00:26:06Z] manifest written role_path=/home/agjrom/websites/Helm/plan/planning-agreement-restructure/dispatch/A5.implementer.json mirror_path=/home/agjrom/websites/Helm/plan/planning-agreement-restructure/dispatch/A5.json
[2026-07-30T00:26:14Z] ack-wakeup batch=A1 at=2026-07-30T00:26:14Z marker removed
[2026-07-30T00:26:14Z] ack-wakeup batch=A5 at=2026-07-30T00:26:14Z marker removed
[2026-07-30T00:37:43Z] start batch=A6 role=implementer session=x-15_impl_sonnet5a6_helm brief=/home/agjrom/websites/Helm/plan/planning-agreement-restructure/prompts/A6.md bucket=SHORT estimate=30min marker=DISPATCH-A6-implementer-2054120-1785371863
[2026-07-30T00:37:43Z] brief pre-baked path=/home/agjrom/websites/Helm/plan/planning-agreement-restructure/dispatch/A6.implementer.brief.md
[2026-07-30T00:37:43Z] scoped pending manifest written role_path=/home/agjrom/websites/Helm/plan/planning-agreement-restructure/dispatch/A6.implementer.json
[2026-07-30T00:37:43Z] dispatch boundary appended role=implementer batch=A6 marker=DISPATCH-A6-implementer-2054120-1785371863
[2026-07-30T00:37:46Z] pane verified marker DISPATCH-A6-implementer-2054120-1785371863
[2026-07-30T00:37:46Z] watcher PID file confirmed self_pid=2054299 launch_pid=2054299 role=implementer
[2026-07-30T00:37:46Z] watcher launched pid=2054299 role=implementer log=/home/agjrom/websites/Helm/plan/planning-agreement-restructure/dispatch/watcher-A6-implementer.log
[2026-07-30T00:37:46Z] wakeup-marker created path=/home/agjrom/websites/Helm/plan/planning-agreement-restructure/dispatch/A6.wakeup-required wakeup_sec=3600
[2026-07-30T00:37:46Z] manifest written role_path=/home/agjrom/websites/Helm/plan/planning-agreement-restructure/dispatch/A6.implementer.json mirror_path=/home/agjrom/websites/Helm/plan/planning-agreement-restructure/dispatch/A6.json
[2026-07-30T00:37:52Z] ack-wakeup batch=A6 — marker already absent (idempotent ack or never dispatched)
[2026-07-30T00:37:52Z] ack-wakeup batch=A6 at=2026-07-30T00:37:52Z marker removed
[2026-07-30T00:40:51Z] start batch=A2 role=implementer session=x-15_impl_sonnet5a2_helm brief=/home/agjrom/websites/Helm/plan/planning-agreement-restructure/prompts/A2.md bucket=SHORT estimate=30min marker=DISPATCH-A2-implementer-2071088-1785372051
[2026-07-30T00:40:51Z] brief pre-baked path=/home/agjrom/websites/Helm/plan/planning-agreement-restructure/dispatch/A2.implementer.brief.md
[2026-07-30T00:40:51Z] scoped pending manifest written role_path=/home/agjrom/websites/Helm/plan/planning-agreement-restructure/dispatch/A2.implementer.json
[2026-07-30T00:40:51Z] dispatch boundary appended role=implementer batch=A2 marker=DISPATCH-A2-implementer-2071088-1785372051
[2026-07-30T00:40:54Z] pane verified marker DISPATCH-A2-implementer-2071088-1785372051
[2026-07-30T00:40:54Z] watcher PID file confirmed self_pid=2071251 launch_pid=2071251 role=implementer
[2026-07-30T00:40:54Z] watcher launched pid=2071251 role=implementer log=/home/agjrom/websites/Helm/plan/planning-agreement-restructure/dispatch/watcher-A2-implementer.log
[2026-07-30T00:40:54Z] wakeup-marker created path=/home/agjrom/websites/Helm/plan/planning-agreement-restructure/dispatch/A2.wakeup-required wakeup_sec=3600
[2026-07-30T00:40:54Z] manifest written role_path=/home/agjrom/websites/Helm/plan/planning-agreement-restructure/dispatch/A2.implementer.json mirror_path=/home/agjrom/websites/Helm/plan/planning-agreement-restructure/dispatch/A2.json
[2026-07-30T00:40:59Z] ack-wakeup batch=A2 — marker already absent (idempotent ack or never dispatched)
[2026-07-30T00:40:59Z] ack-wakeup batch=A2 at=2026-07-30T00:40:59Z marker removed
[2026-07-30T00:51:12Z] start batch=A3 role=implementer session=x-15_impl_sonnet5a2_helm brief=/home/agjrom/websites/Helm/plan/planning-agreement-restructure/prompts/A3.md bucket=SHORT estimate=32min marker=DISPATCH-A3-implementer-2138143-1785372672
[2026-07-30T00:51:12Z] brief pre-baked path=/home/agjrom/websites/Helm/plan/planning-agreement-restructure/dispatch/A3.implementer.brief.md
[2026-07-30T00:51:12Z] scoped pending manifest written role_path=/home/agjrom/websites/Helm/plan/planning-agreement-restructure/dispatch/A3.implementer.json
[2026-07-30T00:51:12Z] dispatch boundary appended role=implementer batch=A3 marker=DISPATCH-A3-implementer-2138143-1785372672
[2026-07-30T00:51:15Z] pane verified marker DISPATCH-A3-implementer-2138143-1785372672
[2026-07-30T00:51:15Z] watcher PID file confirmed self_pid=2138452 launch_pid=2138452 role=implementer
[2026-07-30T00:51:15Z] watcher launched pid=2138452 role=implementer log=/home/agjrom/websites/Helm/plan/planning-agreement-restructure/dispatch/watcher-A3-implementer.log
[2026-07-30T00:51:15Z] wakeup-marker created path=/home/agjrom/websites/Helm/plan/planning-agreement-restructure/dispatch/A3.wakeup-required wakeup_sec=3600
[2026-07-30T00:51:15Z] manifest written role_path=/home/agjrom/websites/Helm/plan/planning-agreement-restructure/dispatch/A3.implementer.json mirror_path=/home/agjrom/websites/Helm/plan/planning-agreement-restructure/dispatch/A3.json
[2026-07-30T00:51:21Z] ack-wakeup batch=A3 — marker already absent (idempotent ack or never dispatched)
[2026-07-30T00:51:21Z] ack-wakeup batch=A3 at=2026-07-30T00:51:21Z marker removed
[2026-07-30T00:58:35Z] start batch=A4 role=implementer session=x-15_impl_sonnet5a2_helm brief=/home/agjrom/websites/Helm/plan/planning-agreement-restructure/prompts/A4.md bucket=SHORT estimate=32min marker=DISPATCH-A4-implementer-2184333-1785373115
[2026-07-30T00:58:35Z] brief pre-baked path=/home/agjrom/websites/Helm/plan/planning-agreement-restructure/dispatch/A4.implementer.brief.md
[2026-07-30T00:58:35Z] scoped pending manifest written role_path=/home/agjrom/websites/Helm/plan/planning-agreement-restructure/dispatch/A4.implementer.json
[2026-07-30T00:58:35Z] dispatch boundary appended role=implementer batch=A4 marker=DISPATCH-A4-implementer-2184333-1785373115
[2026-07-30T00:58:38Z] pane verified marker DISPATCH-A4-implementer-2184333-1785373115
[2026-07-30T00:58:38Z] watcher PID file confirmed self_pid=2186375 launch_pid=2186375 role=implementer
[2026-07-30T00:58:38Z] watcher launched pid=2186375 role=implementer log=/home/agjrom/websites/Helm/plan/planning-agreement-restructure/dispatch/watcher-A4-implementer.log
[2026-07-30T00:58:38Z] wakeup-marker created path=/home/agjrom/websites/Helm/plan/planning-agreement-restructure/dispatch/A4.wakeup-required wakeup_sec=3600
[2026-07-30T00:58:38Z] manifest written role_path=/home/agjrom/websites/Helm/plan/planning-agreement-restructure/dispatch/A4.implementer.json mirror_path=/home/agjrom/websites/Helm/plan/planning-agreement-restructure/dispatch/A4.json
[2026-07-30T00:59:41Z] ack-wakeup batch=A4 at=2026-07-30T00:59:41Z marker removed
[2026-07-30T01:34:56Z] start batch=B2 role=implementer session=x-15_impl_sonnet5b2_helm brief=/home/agjrom/websites/Helm/plan/planning-agreement-restructure/prompts/B2.md bucket=SHORT estimate=22min marker=DISPATCH-B2-implementer-2317223-1785375296
[2026-07-30T01:34:56Z] brief pre-baked path=/home/agjrom/websites/Helm/plan/planning-agreement-restructure/dispatch/B2.implementer.brief.md
[2026-07-30T01:34:56Z] scoped pending manifest written role_path=/home/agjrom/websites/Helm/plan/planning-agreement-restructure/dispatch/B2.implementer.json
[2026-07-30T01:34:56Z] dispatch boundary appended role=implementer batch=B2 marker=DISPATCH-B2-implementer-2317223-1785375296
[2026-07-30T01:34:59Z] pane verified marker DISPATCH-B2-implementer-2317223-1785375296
[2026-07-30T01:35:00Z] watcher PID file confirmed self_pid=2318180 launch_pid=2318180 role=implementer
[2026-07-30T01:35:00Z] watcher launched pid=2318180 role=implementer log=/home/agjrom/websites/Helm/plan/planning-agreement-restructure/dispatch/watcher-B2-implementer.log
[2026-07-30T01:35:00Z] wakeup-marker created path=/home/agjrom/websites/Helm/plan/planning-agreement-restructure/dispatch/B2.wakeup-required wakeup_sec=2640
[2026-07-30T01:35:00Z] manifest written role_path=/home/agjrom/websites/Helm/plan/planning-agreement-restructure/dispatch/B2.implementer.json mirror_path=/home/agjrom/websites/Helm/plan/planning-agreement-restructure/dispatch/B2.json
[2026-07-30T01:35:05Z] ack-wakeup batch=B2 at=2026-07-30T01:35:05Z marker removed
[2026-07-30T01:44:55Z] start batch=B3 role=implementer session=x-15_impl_sonnet5b3_helm brief=/home/agjrom/websites/Helm/plan/planning-agreement-restructure/prompts/B3.md bucket=SHORT estimate=20min marker=DISPATCH-B3-implementer-2335116-1785375895
[2026-07-30T01:44:55Z] brief pre-baked path=/home/agjrom/websites/Helm/plan/planning-agreement-restructure/dispatch/B3.implementer.brief.md
[2026-07-30T01:44:55Z] scoped pending manifest written role_path=/home/agjrom/websites/Helm/plan/planning-agreement-restructure/dispatch/B3.implementer.json
[2026-07-30T01:44:55Z] dispatch boundary appended role=implementer batch=B3 marker=DISPATCH-B3-implementer-2335116-1785375895
[2026-07-30T01:44:58Z] pane verified marker DISPATCH-B3-implementer-2335116-1785375895
[2026-07-30T01:44:58Z] watcher PID file confirmed self_pid=2335295 launch_pid=2335295 role=implementer
[2026-07-30T01:44:58Z] watcher launched pid=2335295 role=implementer log=/home/agjrom/websites/Helm/plan/planning-agreement-restructure/dispatch/watcher-B3-implementer.log
[2026-07-30T01:44:58Z] wakeup-marker created path=/home/agjrom/websites/Helm/plan/planning-agreement-restructure/dispatch/B3.wakeup-required wakeup_sec=2400
[2026-07-30T01:44:58Z] manifest written role_path=/home/agjrom/websites/Helm/plan/planning-agreement-restructure/dispatch/B3.implementer.json mirror_path=/home/agjrom/websites/Helm/plan/planning-agreement-restructure/dispatch/B3.json
[2026-07-30T01:45:03Z] ack-wakeup batch=B3 at=2026-07-30T01:45:03Z marker removed
[2026-07-30T01:53:29Z] start batch=B4 role=implementer session=x-15_impl_sonnet5b4_helm brief=/home/agjrom/websites/Helm/plan/planning-agreement-restructure/prompts/B4.md bucket=SHORT estimate=26min marker=DISPATCH-B4-implementer-2379601-1785376409
[2026-07-30T01:53:29Z] brief pre-baked path=/home/agjrom/websites/Helm/plan/planning-agreement-restructure/dispatch/B4.implementer.brief.md
[2026-07-30T01:53:29Z] scoped pending manifest written role_path=/home/agjrom/websites/Helm/plan/planning-agreement-restructure/dispatch/B4.implementer.json
[2026-07-30T01:53:29Z] dispatch boundary appended role=implementer batch=B4 marker=DISPATCH-B4-implementer-2379601-1785376409
[2026-07-30T01:53:32Z] pane verified marker DISPATCH-B4-implementer-2379601-1785376409
[2026-07-30T01:53:32Z] watcher PID file confirmed self_pid=2381583 launch_pid=2381583 role=implementer
[2026-07-30T01:53:32Z] watcher launched pid=2381583 role=implementer log=/home/agjrom/websites/Helm/plan/planning-agreement-restructure/dispatch/watcher-B4-implementer.log
[2026-07-30T01:53:32Z] wakeup-marker created path=/home/agjrom/websites/Helm/plan/planning-agreement-restructure/dispatch/B4.wakeup-required wakeup_sec=3120
[2026-07-30T01:53:32Z] manifest written role_path=/home/agjrom/websites/Helm/plan/planning-agreement-restructure/dispatch/B4.implementer.json mirror_path=/home/agjrom/websites/Helm/plan/planning-agreement-restructure/dispatch/B4.json
[2026-07-30T01:53:37Z] ack-wakeup batch=B4 at=2026-07-30T01:53:37Z marker removed
[2026-07-30T02:03:57Z] start batch=B5 role=implementer session=x-15_impl_sonnet5b5_helm brief=/home/agjrom/websites/Helm/plan/planning-agreement-restructure/prompts/B5.md bucket=SHORT estimate=28min marker=DISPATCH-B5-implementer-2461734-1785377037
[2026-07-30T02:03:57Z] brief pre-baked path=/home/agjrom/websites/Helm/plan/planning-agreement-restructure/dispatch/B5.implementer.brief.md
[2026-07-30T02:03:57Z] scoped pending manifest written role_path=/home/agjrom/websites/Helm/plan/planning-agreement-restructure/dispatch/B5.implementer.json
[2026-07-30T02:03:57Z] dispatch boundary appended role=implementer batch=B5 marker=DISPATCH-B5-implementer-2461734-1785377037
[2026-07-30T02:04:00Z] pane verified marker DISPATCH-B5-implementer-2461734-1785377037
[2026-07-30T02:04:00Z] watcher PID file confirmed self_pid=2463134 launch_pid=2463134 role=implementer
[2026-07-30T02:04:00Z] watcher launched pid=2463134 role=implementer log=/home/agjrom/websites/Helm/plan/planning-agreement-restructure/dispatch/watcher-B5-implementer.log
[2026-07-30T02:04:00Z] wakeup-marker created path=/home/agjrom/websites/Helm/plan/planning-agreement-restructure/dispatch/B5.wakeup-required wakeup_sec=3360
[2026-07-30T02:04:00Z] manifest written role_path=/home/agjrom/websites/Helm/plan/planning-agreement-restructure/dispatch/B5.implementer.json mirror_path=/home/agjrom/websites/Helm/plan/planning-agreement-restructure/dispatch/B5.json
[2026-07-30T02:04:04Z] ack-wakeup batch=B5 at=2026-07-30T02:04:04Z marker removed
[2026-07-30T02:25:56Z] start batch=B6 role=implementer session=x-15_impl_sonnet5b6_helm brief=/home/agjrom/websites/Helm/plan/planning-agreement-restructure/prompts/B6.md bucket=SHORT estimate=25min marker=DISPATCH-B6-implementer-2515095-1785378356
[2026-07-30T02:25:56Z] brief pre-baked path=/home/agjrom/websites/Helm/plan/planning-agreement-restructure/dispatch/B6.implementer.brief.md
[2026-07-30T02:25:56Z] scoped pending manifest written role_path=/home/agjrom/websites/Helm/plan/planning-agreement-restructure/dispatch/B6.implementer.json
[2026-07-30T02:25:56Z] dispatch boundary appended role=implementer batch=B6 marker=DISPATCH-B6-implementer-2515095-1785378356
[2026-07-30T02:25:59Z] pane verified marker DISPATCH-B6-implementer-2515095-1785378356
[2026-07-30T02:26:00Z] watcher PID file confirmed self_pid=2515493 launch_pid=2515493 role=implementer
[2026-07-30T02:26:00Z] watcher launched pid=2515493 role=implementer log=/home/agjrom/websites/Helm/plan/planning-agreement-restructure/dispatch/watcher-B6-implementer.log
[2026-07-30T02:26:00Z] wakeup-marker created path=/home/agjrom/websites/Helm/plan/planning-agreement-restructure/dispatch/B6.wakeup-required wakeup_sec=3000
[2026-07-30T02:26:00Z] manifest written role_path=/home/agjrom/websites/Helm/plan/planning-agreement-restructure/dispatch/B6.implementer.json mirror_path=/home/agjrom/websites/Helm/plan/planning-agreement-restructure/dispatch/B6.json
[2026-07-30T02:26:08Z] ack-wakeup batch=B6 at=2026-07-30T02:26:08Z marker removed
[2026-07-30T06:54:37Z] start batch=C2 role=implementer session=x-15_impl_sonnet5c2_helm brief=/home/agjrom/websites/Helm/plan/planning-agreement-restructure/prompts/C2.md bucket=SHORT estimate=28min marker=DISPATCH-C2-implementer-2993503-1785394477
[2026-07-30T06:54:37Z] brief pre-baked path=/home/agjrom/websites/Helm/plan/planning-agreement-restructure/dispatch/C2.implementer.brief.md
[2026-07-30T06:54:37Z] scoped pending manifest written role_path=/home/agjrom/websites/Helm/plan/planning-agreement-restructure/dispatch/C2.implementer.json
[2026-07-30T06:54:37Z] dispatch boundary appended role=implementer batch=C2 marker=DISPATCH-C2-implementer-2993503-1785394477
[2026-07-30T06:54:40Z] pane verified marker DISPATCH-C2-implementer-2993503-1785394477
[2026-07-30T06:54:40Z] watcher PID file confirmed self_pid=2994026 launch_pid=2994026 role=implementer
[2026-07-30T06:54:40Z] watcher launched pid=2994026 role=implementer log=/home/agjrom/websites/Helm/plan/planning-agreement-restructure/dispatch/watcher-C2-implementer.log
[2026-07-30T06:54:40Z] wakeup-marker created path=/home/agjrom/websites/Helm/plan/planning-agreement-restructure/dispatch/C2.wakeup-required wakeup_sec=3360
[2026-07-30T06:54:40Z] manifest written role_path=/home/agjrom/websites/Helm/plan/planning-agreement-restructure/dispatch/C2.implementer.json mirror_path=/home/agjrom/websites/Helm/plan/planning-agreement-restructure/dispatch/C2.json
[2026-07-30T06:54:46Z] ack-wakeup batch=C2 at=2026-07-30T06:54:46Z marker removed
[2026-07-30T07:19:08Z] start batch=C3 role=implementer session=x-15_impl_sonnet5c3_helm brief=/home/agjrom/websites/Helm/plan/planning-agreement-restructure/prompts/C3.md bucket=SHORT estimate=24min marker=DISPATCH-C3-implementer-3149947-1785395948
[2026-07-30T07:19:08Z] start batch=C9 role=implementer session=x-15_impl_sonnet5c9_helm brief=/home/agjrom/websites/Helm/plan/planning-agreement-restructure/prompts/C9.md bucket=SHORT estimate=26min marker=DISPATCH-C9-implementer-3149958-1785395948
[2026-07-30T07:19:08Z] brief pre-baked path=/home/agjrom/websites/Helm/plan/planning-agreement-restructure/dispatch/C3.implementer.brief.md
[2026-07-30T07:19:08Z] start batch=C10 role=implementer session=x-15_impl_sonnet5c10_helm brief=/home/agjrom/websites/Helm/plan/planning-agreement-restructure/prompts/C10.md bucket=SHORT estimate=28min marker=DISPATCH-C10-implementer-3149977-1785395948
[2026-07-30T07:19:08Z] scoped pending manifest written role_path=/home/agjrom/websites/Helm/plan/planning-agreement-restructure/dispatch/C3.implementer.json
[2026-07-30T07:19:08Z] dispatch boundary appended role=implementer batch=C3 marker=DISPATCH-C3-implementer-3149947-1785395948
[2026-07-30T07:19:08Z] brief pre-baked path=/home/agjrom/websites/Helm/plan/planning-agreement-restructure/dispatch/C9.implementer.brief.md
[2026-07-30T07:19:08Z] brief pre-baked path=/home/agjrom/websites/Helm/plan/planning-agreement-restructure/dispatch/C10.implementer.brief.md
[2026-07-30T07:19:08Z] scoped pending manifest written role_path=/home/agjrom/websites/Helm/plan/planning-agreement-restructure/dispatch/C9.implementer.json
[2026-07-30T07:19:08Z] dispatch boundary appended role=implementer batch=C9 marker=DISPATCH-C9-implementer-3149958-1785395948
[2026-07-30T07:19:08Z] scoped pending manifest written role_path=/home/agjrom/websites/Helm/plan/planning-agreement-restructure/dispatch/C10.implementer.json
[2026-07-30T07:19:08Z] dispatch boundary appended role=implementer batch=C10 marker=DISPATCH-C10-implementer-3149977-1785395948
[2026-07-30T07:19:11Z] pane verified marker DISPATCH-C3-implementer-3149947-1785395948
[2026-07-30T07:19:11Z] pane verified marker DISPATCH-C9-implementer-3149958-1785395948
[2026-07-30T07:19:11Z] pane verified marker DISPATCH-C10-implementer-3149977-1785395948
[2026-07-30T07:19:11Z] watcher PID file confirmed self_pid=3150597 launch_pid=3150597 role=implementer
[2026-07-30T07:19:11Z] watcher launched pid=3150597 role=implementer log=/home/agjrom/websites/Helm/plan/planning-agreement-restructure/dispatch/watcher-C3-implementer.log
[2026-07-30T07:19:11Z] watcher PID file confirmed self_pid=3150623 launch_pid=3150623 role=implementer
[2026-07-30T07:19:11Z] wakeup-marker created path=/home/agjrom/websites/Helm/plan/planning-agreement-restructure/dispatch/C3.wakeup-required wakeup_sec=2880
[2026-07-30T07:19:11Z] watcher launched pid=3150623 role=implementer log=/home/agjrom/websites/Helm/plan/planning-agreement-restructure/dispatch/watcher-C9-implementer.log
[2026-07-30T07:19:11Z] watcher PID file confirmed self_pid=3150635 launch_pid=3150635 role=implementer
[2026-07-30T07:19:11Z] wakeup-marker created path=/home/agjrom/websites/Helm/plan/planning-agreement-restructure/dispatch/C9.wakeup-required wakeup_sec=3120
[2026-07-30T07:19:11Z] watcher launched pid=3150635 role=implementer log=/home/agjrom/websites/Helm/plan/planning-agreement-restructure/dispatch/watcher-C10-implementer.log
[2026-07-30T07:19:11Z] manifest written role_path=/home/agjrom/websites/Helm/plan/planning-agreement-restructure/dispatch/C3.implementer.json mirror_path=/home/agjrom/websites/Helm/plan/planning-agreement-restructure/dispatch/C3.json
[2026-07-30T07:19:11Z] wakeup-marker created path=/home/agjrom/websites/Helm/plan/planning-agreement-restructure/dispatch/C10.wakeup-required wakeup_sec=3360
[2026-07-30T07:19:11Z] manifest written role_path=/home/agjrom/websites/Helm/plan/planning-agreement-restructure/dispatch/C9.implementer.json mirror_path=/home/agjrom/websites/Helm/plan/planning-agreement-restructure/dispatch/C9.json
[2026-07-30T07:19:11Z] manifest written role_path=/home/agjrom/websites/Helm/plan/planning-agreement-restructure/dispatch/C10.implementer.json mirror_path=/home/agjrom/websites/Helm/plan/planning-agreement-restructure/dispatch/C10.json
[2026-07-30T07:19:20Z] ack-wakeup batch=C3 at=2026-07-30T07:19:20Z marker removed
[2026-07-30T07:19:20Z] ack-wakeup batch=C9 at=2026-07-30T07:19:20Z marker removed
[2026-07-30T07:19:20Z] ack-wakeup batch=C10 at=2026-07-30T07:19:20Z marker removed
[2026-07-30T10:04:38Z] start batch=C4 role=implementer session=x-15_impl_sonnet5c4_helm brief=/home/agjrom/websites/Helm/plan/planning-agreement-restructure/prompts/C4.md bucket=SHORT estimate=26min marker=DISPATCH-C4-implementer-3545612-1785405878
[2026-07-30T10:04:38Z] brief pre-baked path=/home/agjrom/websites/Helm/plan/planning-agreement-restructure/dispatch/C4.implementer.brief.md
[2026-07-30T10:04:38Z] scoped pending manifest written role_path=/home/agjrom/websites/Helm/plan/planning-agreement-restructure/dispatch/C4.implementer.json
[2026-07-30T10:04:38Z] dispatch boundary appended role=implementer batch=C4 marker=DISPATCH-C4-implementer-3545612-1785405878
[2026-07-30T10:04:41Z] pane verified marker DISPATCH-C4-implementer-3545612-1785405878
[2026-07-30T10:04:41Z] watcher PID file confirmed self_pid=3545839 launch_pid=3545839 role=implementer
[2026-07-30T10:04:41Z] watcher launched pid=3545839 role=implementer log=/home/agjrom/websites/Helm/plan/planning-agreement-restructure/dispatch/watcher-C4-implementer.log
[2026-07-30T10:04:41Z] wakeup-marker created path=/home/agjrom/websites/Helm/plan/planning-agreement-restructure/dispatch/C4.wakeup-required wakeup_sec=3120
[2026-07-30T10:04:41Z] manifest written role_path=/home/agjrom/websites/Helm/plan/planning-agreement-restructure/dispatch/C4.implementer.json mirror_path=/home/agjrom/websites/Helm/plan/planning-agreement-restructure/dispatch/C4.json
[2026-07-30T10:04:46Z] ack-wakeup batch=C4 at=2026-07-30T10:04:46Z marker removed
[2026-07-30T10:19:51Z] start batch=C5 role=implementer session=x-15_impl_sonnet5c5_helm brief=/home/agjrom/websites/Helm/plan/planning-agreement-restructure/prompts/C5.md bucket=SHORT estimate=28min marker=DISPATCH-C5-implementer-3617379-1785406791
[2026-07-30T10:19:51Z] brief pre-baked path=/home/agjrom/websites/Helm/plan/planning-agreement-restructure/dispatch/C5.implementer.brief.md
[2026-07-30T10:19:51Z] scoped pending manifest written role_path=/home/agjrom/websites/Helm/plan/planning-agreement-restructure/dispatch/C5.implementer.json
[2026-07-30T10:19:51Z] dispatch boundary appended role=implementer batch=C5 marker=DISPATCH-C5-implementer-3617379-1785406791
[2026-07-30T10:19:54Z] pane verified marker DISPATCH-C5-implementer-3617379-1785406791
[2026-07-30T10:19:54Z] watcher PID file confirmed self_pid=3617702 launch_pid=3617702 role=implementer
[2026-07-30T10:19:54Z] watcher launched pid=3617702 role=implementer log=/home/agjrom/websites/Helm/plan/planning-agreement-restructure/dispatch/watcher-C5-implementer.log
[2026-07-30T10:19:54Z] wakeup-marker created path=/home/agjrom/websites/Helm/plan/planning-agreement-restructure/dispatch/C5.wakeup-required wakeup_sec=3360
[2026-07-30T10:19:54Z] manifest written role_path=/home/agjrom/websites/Helm/plan/planning-agreement-restructure/dispatch/C5.implementer.json mirror_path=/home/agjrom/websites/Helm/plan/planning-agreement-restructure/dispatch/C5.json
[2026-07-30T10:19:59Z] ack-wakeup batch=C5 at=2026-07-30T10:19:59Z marker removed
[2026-07-30T10:32:34Z] start batch=C6 role=implementer session=x-15_impl_sonnet5c6_helm brief=/home/agjrom/websites/Helm/plan/planning-agreement-restructure/prompts/C6.md bucket=SHORT estimate=28min marker=DISPATCH-C6-implementer-3634843-1785407554
[2026-07-30T10:32:34Z] brief pre-baked path=/home/agjrom/websites/Helm/plan/planning-agreement-restructure/dispatch/C6.implementer.brief.md
[2026-07-30T10:32:34Z] scoped pending manifest written role_path=/home/agjrom/websites/Helm/plan/planning-agreement-restructure/dispatch/C6.implementer.json
[2026-07-30T10:32:34Z] dispatch boundary appended role=implementer batch=C6 marker=DISPATCH-C6-implementer-3634843-1785407554
[2026-07-30T10:32:37Z] pane verified marker DISPATCH-C6-implementer-3634843-1785407554
[2026-07-30T10:32:37Z] watcher PID file confirmed self_pid=3635148 launch_pid=3635148 role=implementer
[2026-07-30T10:32:37Z] watcher launched pid=3635148 role=implementer log=/home/agjrom/websites/Helm/plan/planning-agreement-restructure/dispatch/watcher-C6-implementer.log
[2026-07-30T10:32:37Z] wakeup-marker created path=/home/agjrom/websites/Helm/plan/planning-agreement-restructure/dispatch/C6.wakeup-required wakeup_sec=3360
[2026-07-30T10:32:37Z] manifest written role_path=/home/agjrom/websites/Helm/plan/planning-agreement-restructure/dispatch/C6.implementer.json mirror_path=/home/agjrom/websites/Helm/plan/planning-agreement-restructure/dispatch/C6.json
[2026-07-30T10:32:44Z] ack-wakeup batch=C6 at=2026-07-30T10:32:44Z marker removed
[2026-07-30T10:48:02Z] start batch=C6 role=implementer session=x-15_impl_sonnet5c6fix_helm brief=/home/agjrom/websites/Helm/plan/planning-agreement-restructure/prompts/C6-fix.md bucket=SHORT estimate=18min marker=DISPATCH-C6-implementer-3650932-1785408482
[2026-07-30T10:48:02Z] brief pre-baked path=/home/agjrom/websites/Helm/plan/planning-agreement-restructure/dispatch/C6.implementer.brief.md
[2026-07-30T10:48:02Z] scoped pending manifest written role_path=/home/agjrom/websites/Helm/plan/planning-agreement-restructure/dispatch/C6.implementer.json
[2026-07-30T10:48:02Z] dispatch boundary appended role=implementer batch=C6 marker=DISPATCH-C6-implementer-3650932-1785408482
[2026-07-30T10:48:06Z] pane verified marker DISPATCH-C6-implementer-3650932-1785408482
[2026-07-30T10:48:06Z] watcher PID file confirmed self_pid=3651205 launch_pid=3651205 role=implementer
[2026-07-30T10:48:06Z] watcher launched pid=3651205 role=implementer log=/home/agjrom/websites/Helm/plan/planning-agreement-restructure/dispatch/watcher-C6-implementer.log
[2026-07-30T10:48:06Z] wakeup-marker created path=/home/agjrom/websites/Helm/plan/planning-agreement-restructure/dispatch/C6.wakeup-required wakeup_sec=2160
[2026-07-30T10:48:06Z] manifest written role_path=/home/agjrom/websites/Helm/plan/planning-agreement-restructure/dispatch/C6.implementer.json mirror_path=/home/agjrom/websites/Helm/plan/planning-agreement-restructure/dispatch/C6.json
[2026-07-30T10:48:14Z] ack-wakeup batch=C6 at=2026-07-30T10:48:14Z marker removed
[2026-07-30T21:53:36Z] start batch=C7 role=implementer session=x-15_impl_sonnet5c7_helm brief=/home/agjrom/websites/Helm/plan/planning-agreement-restructure/prompts/C7.md bucket=SHORT estimate=28min marker=DISPATCH-C7-implementer-319372-1785448416
[2026-07-30T21:53:36Z] brief pre-baked path=/home/agjrom/websites/Helm/plan/planning-agreement-restructure/dispatch/C7.implementer.brief.md
[2026-07-30T21:53:36Z] scoped pending manifest written role_path=/home/agjrom/websites/Helm/plan/planning-agreement-restructure/dispatch/C7.implementer.json
[2026-07-30T21:53:36Z] dispatch boundary appended role=implementer batch=C7 marker=DISPATCH-C7-implementer-319372-1785448416
[2026-07-30T21:53:39Z] pane verified marker DISPATCH-C7-implementer-319372-1785448416
[2026-07-30T21:53:39Z] watcher PID file confirmed self_pid=319570 launch_pid=319570 role=implementer
[2026-07-30T21:53:39Z] watcher launched pid=319570 role=implementer log=/home/agjrom/websites/Helm/plan/planning-agreement-restructure/dispatch/watcher-C7-implementer.log
[2026-07-30T21:53:39Z] wakeup-marker created path=/home/agjrom/websites/Helm/plan/planning-agreement-restructure/dispatch/C7.wakeup-required wakeup_sec=3360
[2026-07-30T21:53:39Z] manifest written role_path=/home/agjrom/websites/Helm/plan/planning-agreement-restructure/dispatch/C7.implementer.json mirror_path=/home/agjrom/websites/Helm/plan/planning-agreement-restructure/dispatch/C7.json
[2026-07-30T21:53:45Z] ack-wakeup batch=C7 at=2026-07-30T21:53:45Z marker removed
[2026-07-30T22:15:59Z] start batch=C8 role=implementer session=x-15_impl_sonnet5c8_helm brief=/home/agjrom/websites/Helm/plan/planning-agreement-restructure/prompts/C8.md bucket=SHORT estimate=24min marker=DISPATCH-C8-implementer-359904-1785449759
[2026-07-30T22:15:59Z] brief pre-baked path=/home/agjrom/websites/Helm/plan/planning-agreement-restructure/dispatch/C8.implementer.brief.md
[2026-07-30T22:15:59Z] scoped pending manifest written role_path=/home/agjrom/websites/Helm/plan/planning-agreement-restructure/dispatch/C8.implementer.json
[2026-07-30T22:15:59Z] dispatch boundary appended role=implementer batch=C8 marker=DISPATCH-C8-implementer-359904-1785449759
[2026-07-30T22:16:02Z] pane verified marker DISPATCH-C8-implementer-359904-1785449759
[2026-07-30T22:16:02Z] watcher PID file confirmed self_pid=360036 launch_pid=360036 role=implementer
[2026-07-30T22:16:02Z] watcher launched pid=360036 role=implementer log=/home/agjrom/websites/Helm/plan/planning-agreement-restructure/dispatch/watcher-C8-implementer.log
[2026-07-30T22:16:02Z] wakeup-marker created path=/home/agjrom/websites/Helm/plan/planning-agreement-restructure/dispatch/C8.wakeup-required wakeup_sec=2880
[2026-07-30T22:16:02Z] manifest written role_path=/home/agjrom/websites/Helm/plan/planning-agreement-restructure/dispatch/C8.implementer.json mirror_path=/home/agjrom/websites/Helm/plan/planning-agreement-restructure/dispatch/C8.json
[2026-07-30T22:16:08Z] ack-wakeup batch=C8 at=2026-07-30T22:16:08Z marker removed
