2026-07-30T00:12:27+00:00 REFUSE op=send target=__nonexistent__ reason=no session with this exact name is alive
2026-07-30T00:21:00+00:00 SPAWNED x-15_impl_grok45a0_helm role=implementer batch=A0
2026-07-30T00:21:00+00:00 SPAWNED x-15_impl_grok45b1_helm role=implementer batch=B1
2026-07-30T00:21:00+00:00 SPAWNED x-15_impl_sparkd12_helm role=implementer batch=D12-skeleton
2026-07-30T00:21:00+00:00 SPAWNED x-15_impl_grok45c1_helm role=implementer batch=C1
2026-07-30T00:21:22+00:00 ALLOW  op=send target=x-15_impl_grok45a0_helm
2026-07-30T00:21:22+00:00 ALLOW  op=send target=x-15_impl_grok45b1_helm
2026-07-30T00:21:22+00:00 ALLOW  op=send target=x-15_impl_grok45c1_helm
2026-07-30T00:21:22+00:00 ALLOW  op=send target=x-15_impl_sparkd12_helm
2026-07-30T00:22:24+00:00 ALLOW  op=send target=x-15_impl_grok45a0_helm
2026-07-30T00:22:24+00:00 ALLOW  op=send target=x-15_impl_grok45b1_helm
2026-07-30T00:22:24+00:00 ALLOW  op=send target=x-15_impl_sparkd12_helm
2026-07-30T00:22:52+00:00 ALLOW  op=send target=x-15_impl_grok45a0_helm
2026-07-30T00:22:52+00:00 ALLOW  op=send target=x-15_impl_grok45b1_helm
2026-07-30T00:22:52+00:00 ALLOW  op=send target=x-15_impl_sparkd12_helm
2026-07-30T00:23:07+00:00 ALLOW  op=send target=x-15_impl_sparkd12_helm
2026-07-30T00:23:19+00:00 ALLOW  op=send target=x-15_impl_grok45c1_helm
2026-07-30T00:25:56+00:00 SPAWNED x-15_impl_sonnet5a1_helm role=implementer batch=A1
2026-07-30T00:25:56+00:00 SPAWNED x-15_impl_sonnet5a5_helm role=implementer batch=A5
2026-07-30T00:26:03+00:00 ALLOW  op=send target=x-15_impl_sonnet5a1_helm
2026-07-30T00:26:03+00:00 ALLOW  op=send target=x-15_impl_sonnet5a5_helm
2026-07-30T00:28:36+00:00 ALLOW  op=send target=x-15_impl_sonnet5a1_helm
2026-07-30T00:28:36+00:00 ALLOW  op=send target=x-15_impl_sonnet5a5_helm
2026-07-30T00:29:04+00:00 ALLOW  op=send target=x-15_impl_sonnet5a5_helm
2026-07-30T00:29:04+00:00 ALLOW  op=send target=x-15_impl_sonnet5a1_helm
2026-07-30T00:29:46+00:00 ALLOW  op=send target=x-15_impl_sonnet5a1_helm
2026-07-30T00:29:46+00:00 ALLOW  op=send target=x-15_impl_sonnet5a5_helm
2026-07-30T00:30:18+00:00 ALLOW  op=send target=x-15_impl_sonnet5a5_helm
2026-07-30T00:30:18+00:00 ALLOW  op=send target=x-15_impl_sonnet5a1_helm
2026-07-30T00:30:25+00:00 ALLOW  op=send target=x-15_impl_sonnet5a5_helm
2026-07-30T00:30:48+00:00 ALLOW  op=send target=x-15_impl_sonnet5a5_helm
2026-07-30T00:37:36+00:00 REFUSE op=send target=x-15_impl_sonnet5a6_helm reason=ownership: target is not in this run's dispatch/spawned_sessions.txt (only self-spawned sessions may be touched)
2026-07-30T00:37:43+00:00 ALLOW  op=send target=x-15_impl_sonnet5a6_helm
2026-07-30T00:40:21+00:00 ALLOW  op=send target=x-15_impl_sonnet5a6_helm
2026-07-30T00:40:51+00:00 ALLOW  op=send target=x-15_impl_sonnet5a2_helm
2026-07-30T00:41:09+00:00 ALLOW  op=send target=x-15_impl_sonnet5a6_helm
2026-07-30T00:42:31+00:00 ALLOW  op=send target=x-15_impl_sonnet5a6_helm
2026-07-30T00:43:15+00:00 ALLOW  op=send target=x-15_impl_sonnet5a6_helm
2026-07-30T00:43:53+00:00 ALLOW  op=send target=x-15_impl_sonnet5a6_helm
2026-07-30T00:43:53+00:00 ALLOW  op=send target=x-15_impl_sonnet5a2_helm
2026-07-30T00:44:51+00:00 ALLOW  op=send target=x-15_impl_sonnet5a6_helm
2026-07-30T00:44:51+00:00 ALLOW  op=send target=x-15_impl_sonnet5a2_helm
2026-07-30T00:45:23+00:00 ALLOW  op=send target=x-15_impl_sonnet5a6_helm
2026-07-30T00:46:10+00:00 ALLOW  op=send target=x-15_impl_sonnet5a2_helm
2026-07-30T00:46:53+00:00 ALLOW  op=send target=x-15_impl_sonnet5a2_helm
2026-07-30T00:51:12+00:00 ALLOW  op=send target=x-15_impl_sonnet5a2_helm
2026-07-30T00:53:57+00:00 ALLOW  op=send target=x-15_impl_sonnet5a2_helm
2026-07-30T00:54:48+00:00 ALLOW  op=send target=x-15_impl_sonnet5a2_helm
2026-07-30T00:58:35+00:00 ALLOW  op=send target=x-15_impl_sonnet5a2_helm
2026-07-30T01:00:56+00:00 ALLOW  op=send target=x-15_impl_sonnet5a2_helm
2026-07-30T01:02:05+00:00 ALLOW  op=send target=x-15_impl_sonnet5a2_helm
2026-07-30T01:03:19+00:00 ALLOW  op=send target=x-15_impl_sonnet5a2_helm
2026-07-30T01:03:41+00:00 ALLOW  op=send target=x-15_impl_sonnet5a2_helm
2026-07-30T01:08:58+00:00 ALLOW  op=kill target=x-15_impl_grok45a0_helm
2026-07-30T01:08:58+00:00 KILLED x-15_impl_grok45a0_helm reason=sweep: idle worker, no keep row
2026-07-30T01:08:58+00:00 ALLOW  op=kill target=x-15_impl_grok45b1_helm
2026-07-30T01:08:58+00:00 KILLED x-15_impl_grok45b1_helm reason=sweep: idle worker, no keep row
2026-07-30T01:08:58+00:00 ALLOW  op=kill target=x-15_impl_grok45c1_helm
2026-07-30T01:08:58+00:00 KILLED x-15_impl_grok45c1_helm reason=sweep: idle worker, no keep row
2026-07-30T01:08:58+00:00 ALLOW  op=kill target=x-15_impl_sonnet5a1_helm
2026-07-30T01:08:58+00:00 KILLED x-15_impl_sonnet5a1_helm reason=sweep: idle worker, no keep row
2026-07-30T01:08:58+00:00 ALLOW  op=kill target=x-15_impl_sonnet5a2_helm
2026-07-30T01:08:58+00:00 KILLED x-15_impl_sonnet5a2_helm reason=sweep: idle worker, no keep row
2026-07-30T01:08:58+00:00 ALLOW  op=kill target=x-15_impl_sonnet5a5_helm
2026-07-30T01:08:58+00:00 KILLED x-15_impl_sonnet5a5_helm reason=sweep: idle worker, no keep row
2026-07-30T01:08:58+00:00 ALLOW  op=kill target=x-15_impl_sonnet5a6_helm
2026-07-30T01:08:58+00:00 KILLED x-15_impl_sonnet5a6_helm reason=sweep: idle worker, no keep row
2026-07-30T01:08:58+00:00 ALLOW  op=kill target=x-15_impl_sparkd12_helm
2026-07-30T01:08:58+00:00 KILLED x-15_impl_sparkd12_helm reason=sweep: idle worker, no keep row
2026-07-30T01:34:47+00:00 SPAWNED x-15_impl_sonnet5b2_helm role=implementer batch=B2
2026-07-30T01:34:56+00:00 ALLOW  op=send target=x-15_impl_sonnet5b2_helm
2026-07-30T01:36:48+00:00 ALLOW  op=send target=x-15_impl_sonnet5b2_helm
2026-07-30T01:37:45+00:00 ALLOW  op=send target=x-15_impl_sonnet5b2_helm
2026-07-30T01:39:05+00:00 ALLOW  op=send target=x-15_impl_sonnet5b2_helm
2026-07-30T01:39:33+00:00 ALLOW  op=send target=x-15_impl_sonnet5b2_helm
2026-07-30T01:43:40+00:00 ALLOW  op=kill target=x-15_impl_sonnet5b2_helm
2026-07-30T01:43:40+00:00 KILLED x-15_impl_sonnet5b2_helm reason=sweep: idle worker, no keep row
2026-07-30T01:44:47+00:00 SPAWNED x-15_impl_sonnet5b3_helm role=implementer batch=B3
2026-07-30T01:44:55+00:00 ALLOW  op=send target=x-15_impl_sonnet5b3_helm
2026-07-30T01:47:21+00:00 ALLOW  op=send target=x-15_impl_sonnet5b3_helm
2026-07-30T01:48:04+00:00 ALLOW  op=send target=x-15_impl_sonnet5b3_helm
2026-07-30T01:48:23+00:00 ALLOW  op=send target=x-15_impl_sonnet5b3_helm
2026-07-30T01:53:02+00:00 ALLOW  op=kill target=x-15_impl_sonnet5b3_helm
2026-07-30T01:53:02+00:00 KILLED x-15_impl_sonnet5b3_helm reason=sweep: idle worker, no keep row
2026-07-30T01:53:24+00:00 SPAWNED x-15_impl_sonnet5b4_helm role=implementer batch=B4
2026-07-30T01:53:28+00:00 ALLOW  op=send target=x-15_impl_sonnet5b4_helm
2026-07-30T01:55:54+00:00 ALLOW  op=send target=x-15_impl_sonnet5b4_helm
2026-07-30T01:56:54+00:00 ALLOW  op=send target=x-15_impl_sonnet5b4_helm
2026-07-30T01:58:11+00:00 ALLOW  op=send target=x-15_impl_sonnet5b4_helm
2026-07-30T02:03:44+00:00 ALLOW  op=kill target=x-15_impl_sonnet5b4_helm
2026-07-30T02:03:44+00:00 KILLED x-15_impl_sonnet5b4_helm reason=sweep: idle worker, no keep row
2026-07-30T02:03:48+00:00 REFUSE op=send target=x-15_impl_sonnet5b5_helm reason=no session with this exact name is alive
2026-07-30T02:03:53+00:00 SPAWNED x-15_impl_sonnet5b5_helm role=implementer batch=B5
2026-07-30T02:03:57+00:00 ALLOW  op=send target=x-15_impl_sonnet5b5_helm
2026-07-30T02:06:11+00:00 ALLOW  op=send target=x-15_impl_sonnet5b5_helm
2026-07-30T02:08:14+00:00 ALLOW  op=send target=x-15_impl_sonnet5b5_helm
2026-07-30T02:08:57+00:00 ALLOW  op=send target=x-15_impl_sonnet5b5_helm
2026-07-30T02:20:14+00:00 ALLOW  op=send target=x-15_impl_sonnet5b5_helm
2026-07-30T02:24:58+00:00 ALLOW  op=kill target=x-15_impl_sonnet5b5_helm
2026-07-30T02:24:58+00:00 KILLED x-15_impl_sonnet5b5_helm reason=sweep: idle worker, no keep row
2026-07-30T02:25:56+00:00 SPAWNED x-15_impl_sonnet5b6_helm role=implementer batch=B6
2026-07-30T02:25:56+00:00 ALLOW  op=send target=x-15_impl_sonnet5b6_helm
2026-07-30T02:30:39+00:00 ALLOW  op=send target=x-15_impl_sonnet5b6_helm
2026-07-30T05:31:31+00:00 ALLOW  op=kill target=x-15_impl_sonnet5b6_helm
2026-07-30T05:31:31+00:00 KILLED x-15_impl_sonnet5b6_helm reason=sweep: idle worker, no keep row
2026-07-30T06:54:27+00:00 REFUSE op=send target=x-15_impl_sonnet5c2_helm reason=no session with this exact name is alive
2026-07-30T06:54:33+00:00 SPAWNED x-15_impl_sonnet5c2_helm role=implementer batch=C2
2026-07-30T06:54:37+00:00 ALLOW  op=send target=x-15_impl_sonnet5c2_helm
2026-07-30T07:16:19+00:00 ALLOW  op=kill target=x-15_impl_sonnet5c2_helm
2026-07-30T07:16:19+00:00 KILLED x-15_impl_sonnet5c2_helm reason=sweep: idle worker, no keep row
2026-07-30T07:18:59+00:00 SPAWNED x-15_impl_sonnet5c3_helm role=implementer batch=C3
2026-07-30T07:18:59+00:00 SPAWNED x-15_impl_sonnet5c9_helm role=implementer batch=C9
2026-07-30T07:18:59+00:00 SPAWNED x-15_impl_sonnet5c10_helm role=implementer batch=C10
2026-07-30T07:19:08+00:00 ALLOW  op=send target=x-15_impl_sonnet5c3_helm
2026-07-30T07:19:08+00:00 ALLOW  op=send target=x-15_impl_sonnet5c9_helm
2026-07-30T07:19:08+00:00 ALLOW  op=send target=x-15_impl_sonnet5c10_helm
2026-07-30T07:40:11+00:00 ALLOW  op=kill target=x-15_impl_sonnet5c10_helm
2026-07-30T07:40:11+00:00 KILLED x-15_impl_sonnet5c10_helm reason=sweep: idle worker, no keep row
2026-07-30T07:40:11+00:00 ALLOW  op=kill target=x-15_impl_sonnet5c3_helm
2026-07-30T07:40:11+00:00 KILLED x-15_impl_sonnet5c3_helm reason=sweep: idle worker, no keep row
2026-07-30T07:40:11+00:00 ALLOW  op=kill target=x-15_impl_sonnet5c9_helm
2026-07-30T07:40:11+00:00 KILLED x-15_impl_sonnet5c9_helm reason=sweep: idle worker, no keep row
2026-07-30T10:04:25+00:00 REFUSE op=send target=x-15_impl_sonnet5c4_helm reason=no session with this exact name is alive
2026-07-30T10:04:30+00:00 SPAWNED x-15_impl_sonnet5c4_helm role=implementer batch=C4
2026-07-30T10:04:38+00:00 ALLOW  op=send target=x-15_impl_sonnet5c4_helm
2026-07-30T10:18:39+00:00 ALLOW  op=kill target=x-15_impl_sonnet5c4_helm
2026-07-30T10:18:39+00:00 KILLED x-15_impl_sonnet5c4_helm reason=sweep: idle worker, no keep row
2026-07-30T10:19:51+00:00 SPAWNED x-15_impl_sonnet5c5_helm role=implementer batch=C5
2026-07-30T10:19:51+00:00 ALLOW  op=send target=x-15_impl_sonnet5c5_helm
2026-07-30T10:30:52+00:00 ALLOW  op=kill target=x-15_impl_sonnet5c5_helm
2026-07-30T10:30:52+00:00 KILLED x-15_impl_sonnet5c5_helm reason=sweep: idle worker, no keep row
2026-07-30T10:32:34+00:00 SPAWNED x-15_impl_sonnet5c6_helm role=implementer batch=C6
2026-07-30T10:32:34+00:00 ALLOW  op=send target=x-15_impl_sonnet5c6_helm
2026-07-30T10:46:38+00:00 ALLOW  op=kill target=x-15_impl_sonnet5c6_helm
2026-07-30T10:46:38+00:00 KILLED x-15_impl_sonnet5c6_helm reason=sweep: idle worker, no keep row
2026-07-30T10:48:02+00:00 SPAWNED x-15_impl_sonnet5c6fix_helm role=implementer batch=C6
2026-07-30T10:48:02+00:00 ALLOW  op=send target=x-15_impl_sonnet5c6fix_helm
2026-07-30T21:52:04+00:00 ALLOW  op=kill target=x-15_impl_sonnet5c6fix_helm
2026-07-30T21:52:04+00:00 KILLED x-15_impl_sonnet5c6fix_helm reason=sweep: idle worker, no keep row
2026-07-30T21:53:28+00:00 REFUSE op=send target=x-15_impl_sonnet5c7_helm reason=no session with this exact name is alive
2026-07-30T21:53:32+00:00 SPAWNED x-15_impl_sonnet5c7_helm role=implementer batch=C7
2026-07-30T21:53:36+00:00 ALLOW  op=send target=x-15_impl_sonnet5c7_helm
2026-07-30T22:14:18+00:00 ALLOW  op=kill target=x-15_impl_sonnet5c7_helm
2026-07-30T22:14:18+00:00 KILLED x-15_impl_sonnet5c7_helm reason=sweep: idle worker, no keep row
2026-07-30T22:15:54+00:00 SPAWNED x-15_impl_sonnet5c8_helm role=implementer batch=C8
2026-07-30T22:15:59+00:00 ALLOW  op=send target=x-15_impl_sonnet5c8_helm
2026-07-30T22:27:38+00:00 ALLOW  op=kill target=x-15_impl_sonnet5c8_helm
2026-07-30T22:27:38+00:00 KILLED x-15_impl_sonnet5c8_helm reason=sweep: idle worker, no keep row
